I'm sorry, but errors were detected in your script. Please correct the
errors listed below, and try again.


File "game/script.rpy", line 36: end of line expected.
    show dorian happy at xalign 0.1 yalign 0.3 xsize 0.8 ysize 0.8 with dissolve
                                ^

Ren'Py Version: Ren'Py 8.2.0.24012702
Sun Jan 28 01:41:22 2024
